
This GDB supports auto-downloading debuginfo from the following URLs:
  <https://debuginfod.archlinux.org>
Enable debuginfod for this session? (y or [n]) [answered N; input not from terminal]
Debuginfod has been disabled.
To make this setting permanent, add 'set debuginfod enabled off' to .gdbinit.
[Thread debugging using libthread_db enabled]
Using host libthread_db library "/usr/lib/libthread_db.so.1".
[09:30:27 15/07/2026] TRACE - Log iniciado com sucesso.
[09:30:27 15/07/2026] TRACE - App iniciado com sucesso.
[09:30:27 15/07/2026] TRACE - SDL foi iniciado com sucesso.
[09:30:27 15/07/2026] TRACE - SDL Window e Renderer criados.
[09:30:27 15/07/2026] TRACE - Window Manager iniciado com sucesso.
[09:30:27 15/07/2026] INFO - MBTiles: Mapa pampulha.mbtiles carregado em Z=18
[09:30:27 15/07/2026] TRACE - DB iniciada.
[09:30:27 15/07/2026] INFO - Estilo './cache/layouts/.theme.bin' carregado com sucesso.
[09:30:27 15/07/2026] DEBUG - Trocado o estilo para o estilo escuro.
[09:30:27 15/07/2026] INFO - Estilo './cache/layouts/.theme.bin' salvo com sucesso.
[09:30:27 15/07/2026] TRACE - ImGui foi iniciado com sucesso.
[09:30:27 15/07/2026] AUDIT - Entrou no loop principal.
[Detaching after vfork from child process 2206619]
[Detaching after vfork from child process 2206620]
[Detaching after vfork from child process 2206621]
[Detaching after vfork from child process 2206631]
[09:33:43 15/07/2026] INFO - CSV carregado com sucesso /home/salieri/Desktop/UFMG/Tesla/DataAna/output/53.csv
[09:33:43 15/07/2026] ERROR - Erro ao abrir o CSV: /home/salieri/Desktop/UFMG/Tesla/DataAna/output/53.csv
[09:33:43 15/07/2026] INFO - Pacote carregado: Reprodução
[09:33:43 15/07/2026] INFO - Vídeo carregado com sucesso /home/salieri/Desktop/UFMG/Tesla/DataAna/videos/video.mp4
[09:33:43 15/07/2026] INFO - Projeto carregado com sucesso.
[09:33:43 15/07/2026] INFO - Visibilidade './cache/layouts/new_playback.tesla/.visibility_1.bin' carregada com sucesso.
[09:33:43 15/07/2026] INFO - MBTiles: Mapa pampulha.mbtiles carregado em Z=18
[New Thread 0x7fffe43836c0 (LWP 2207566)]
[09:33:43 15/07/2026] INFO - Vídeo carregado: /home/salieri/Desktop/UFMG/Tesla/DataAna/videos/video.mp4
[New Thread 0x7fffe33826c0 (LWP 2207567)]
[09:33:44 15/07/2026] DEBUG - Coluna VEL_ANGULAR_YAW adicionada ao gráfico dinâmico 'Gráfico #1'.
[09:33:44 15/07/2026] INFO - Autocarregado Layout 1 do projeto: new_playback.tesla
[09:33:44 15/07/2026] INFO - Layout './cache/layouts/new_playback.tesla/.layout_1.ini' carregado com sucesso.
[New Thread 0x7fffce5ff6c0 (LWP 2207573)]
[New Thread 0x7fffcd5fe6c0 (LWP 2207574)]
[New Thread 0x7fffcc5fd6c0 (LWP 2207575)]
[New Thread 0x7fffcb5fc6c0 (LWP 2207576)]
[New Thread 0x7fffca5fb6c0 (LWP 2207577)]
[New Thread 0x7fffd5fff6c0 (LWP 2207578)]
[New Thread 0x7fffd43ff6c0 (LWP 2207581)]
[New Thread 0x7fffd41816c0 (LWP 2207588)]
[09:33:52 15/07/2026] INFO - Visibilidade './cache/layouts/new_playback.tesla/.visibility_2.bin' carregada com sucesso.
[09:33:52 15/07/2026] INFO - MBTiles: Mapa pampulha.mbtiles carregado em Z=18
[Thread 0x7fffd5fff6c0 (LWP 2207578) exited]
[Thread 0x7fffcb5fc6c0 (LWP 2207576) exited]
[Thread 0x7fffcc5fd6c0 (LWP 2207575) exited]
[Thread 0x7fffcd5fe6c0 (LWP 2207574) exited]
[Thread 0x7fffce5ff6c0 (LWP 2207573) exited]
[Thread 0x7fffca5fb6c0 (LWP 2207577) exited]
[Thread 0x7fffd43ff6c0 (LWP 2207581) exited]
[Thread 0x7fffe33826c0 (LWP 2207567) exited]
[Thread 0x7fffe43836c0 (LWP 2207566) exited]
[Thread 0x7fffd41816c0 (LWP 2207588) exited]
[New Thread 0x7fffe43836c0 (LWP 2208131)]
[09:33:52 15/07/2026] INFO - Vídeo carregado: /home/salieri/Desktop/UFMG/Tesla/DataAna/videos/video.mp4
[New Thread 0x7fffd41816c0 (LWP 2208132)]
[09:33:52 15/07/2026] INFO - Layout './cache/layouts/new_playback.tesla/.layout_2.ini' carregado com sucesso.
[New Thread 0x7fffca5fb6c0 (LWP 2208133)]
[New Thread 0x7fffce5ff6c0 (LWP 2208134)]
[New Thread 0x7fffcd5fe6c0 (LWP 2208135)]
[New Thread 0x7fffcc5fd6c0 (LWP 2208136)]
[New Thread 0x7fffcb5fc6c0 (LWP 2208137)]
[New Thread 0x7fffe33826c0 (LWP 2208138)]
[New Thread 0x7fffd43ff6c0 (LWP 2208139)]
[New Thread 0x7fffe32816c0 (LWP 2208140)]
[09:33:53 15/07/2026] INFO - Visibilidade './cache/layouts/new_playback.tesla/.visibility_1.bin' carregada com sucesso.
[09:33:53 15/07/2026] INFO - MBTiles: Mapa pampulha.mbtiles carregado em Z=18
[Thread 0x7fffe33826c0 (LWP 2208138) exited]
[Thread 0x7fffca5fb6c0 (LWP 2208133) exited]
[Thread 0x7fffce5ff6c0 (LWP 2208134) exited]
[Thread 0x7fffcd5fe6c0 (LWP 2208135) exited]
[Thread 0x7fffcc5fd6c0 (LWP 2208136) exited]
[Thread 0x7fffcb5fc6c0 (LWP 2208137) exited]
[Thread 0x7fffd43ff6c0 (LWP 2208139) exited]
[Thread 0x7fffd41816c0 (LWP 2208132) exited]
[Thread 0x7fffe43836c0 (LWP 2208131) exited]
[Thread 0x7fffe32816c0 (LWP 2208140) exited]
[New Thread 0x7fffe43836c0 (LWP 2208174)]
[09:33:53 15/07/2026] INFO - Vídeo carregado: /home/salieri/Desktop/UFMG/Tesla/DataAna/videos/video.mp4
[New Thread 0x7fffe32816c0 (LWP 2208184)]
[09:33:53 15/07/2026] DEBUG - Coluna VEL_ANGULAR_YAW adicionada ao gráfico dinâmico 'Gráfico #1'.
[09:33:53 15/07/2026] INFO - Layout './cache/layouts/new_playback.tesla/.layout_1.ini' carregado com sucesso.
[New Thread 0x7fffcb5fc6c0 (LWP 2208185)]
[New Thread 0x7fffce5ff6c0 (LWP 2208186)]
[New Thread 0x7fffcd5fe6c0 (LWP 2208187)]
[New Thread 0x7fffcc5fd6c0 (LWP 2208188)]
[New Thread 0x7fffca5fb6c0 (LWP 2208189)]
[New Thread 0x7fffd41816c0 (LWP 2208190)]
[New Thread 0x7fffd43ff6c0 (LWP 2208191)]
[New Thread 0x7fffe33826c0 (LWP 2208192)]
[09:33:53 15/07/2026] WARN - Layout 3 não existe para o projeto atual.
[09:33:54 15/07/2026] INFO - Visibilidade './cache/layouts/new_playback.tesla/.visibility_1.bin' carregada com sucesso.
[09:33:54 15/07/2026] INFO - MBTiles: Mapa pampulha.mbtiles carregado em Z=18
[Thread 0x7fffd41816c0 (LWP 2208190) exited]
[Thread 0x7fffce5ff6c0 (LWP 2208186) exited]
[Thread 0x7fffcd5fe6c0 (LWP 2208187) exited]
[Thread 0x7fffcb5fc6c0 (LWP 2208185) exited]
[Thread 0x7fffcc5fd6c0 (LWP 2208188) exited]
[Thread 0x7fffca5fb6c0 (LWP 2208189) exited]
[Thread 0x7fffd43ff6c0 (LWP 2208191) exited]
[Thread 0x7fffe32816c0 (LWP 2208184) exited]
[Thread 0x7fffe43836c0 (LWP 2208174) exited]
[Thread 0x7fffe33826c0 (LWP 2208192) exited]
[New Thread 0x7fffe43836c0 (LWP 2208266)]
[09:33:54 15/07/2026] INFO - Vídeo carregado: /home/salieri/Desktop/UFMG/Tesla/DataAna/videos/video.mp4
[New Thread 0x7fffe33826c0 (LWP 2208267)]
[09:33:54 15/07/2026] DEBUG - Coluna VEL_ANGULAR_YAW adicionada ao gráfico dinâmico 'Gráfico #1'.
[09:33:54 15/07/2026] INFO - Layout './cache/layouts/new_playback.tesla/.layout_1.ini' carregado com sucesso.
[New Thread 0x7fffca5fb6c0 (LWP 2208268)]
[New Thread 0x7fffce5ff6c0 (LWP 2208269)]
[New Thread 0x7fffcd5fe6c0 (LWP 2208270)]
[New Thread 0x7fffcc5fd6c0 (LWP 2208271)]
[New Thread 0x7fffcb5fc6c0 (LWP 2208272)]
[New Thread 0x7fffe32816c0 (LWP 2208273)]
[New Thread 0x7fffd43ff6c0 (LWP 2208274)]
[New Thread 0x7fffe597f6c0 (LWP 2208275)]
[09:33:54 15/07/2026] INFO - Visibilidade './cache/layouts/new_playback.tesla/.visibility_2.bin' carregada com sucesso.
[09:33:54 15/07/2026] INFO - MBTiles: Mapa pampulha.mbtiles carregado em Z=18
[Thread 0x7fffe32816c0 (LWP 2208273) exited]
[Thread 0x7fffca5fb6c0 (LWP 2208268) exited]
[Thread 0x7fffce5ff6c0 (LWP 2208269) exited]
[Thread 0x7fffcd5fe6c0 (LWP 2208270) exited]
[Thread 0x7fffcc5fd6c0 (LWP 2208271) exited]
[Thread 0x7fffcb5fc6c0 (LWP 2208272) exited]
[Thread 0x7fffd43ff6c0 (LWP 2208274) exited]
[Thread 0x7fffe33826c0 (LWP 2208267) exited]
[Thread 0x7fffe43836c0 (LWP 2208266) exited]
[Thread 0x7fffe597f6c0 (LWP 2208275) exited]
[New Thread 0x7fffe43836c0 (LWP 2208295)]
[09:33:54 15/07/2026] INFO - Vídeo carregado: /home/salieri/Desktop/UFMG/Tesla/DataAna/videos/video.mp4
[New Thread 0x7fffe597f6c0 (LWP 2208296)]
[09:33:54 15/07/2026] INFO - Layout './cache/layouts/new_playback.tesla/.layout_2.ini' carregado com sucesso.
[New Thread 0x7fffcb5fc6c0 (LWP 2208300)]
[New Thread 0x7fffce5ff6c0 (LWP 2208301)]
[New Thread 0x7fffcd5fe6c0 (LWP 2208302)]
[New Thread 0x7fffcc5fd6c0 (LWP 2208303)]
[New Thread 0x7fffca5fb6c0 (LWP 2208304)]
[New Thread 0x7fffe33826c0 (LWP 2208305)]
[New Thread 0x7fffd43ff6c0 (LWP 2208306)]
[New Thread 0x7fffe587e6c0 (LWP 2208307)]
[09:33:55 15/07/2026] INFO - Visibilidade './cache/layouts/new_playback.tesla/.visibility_1.bin' carregada com sucesso.
[09:33:55 15/07/2026] INFO - MBTiles: Mapa pampulha.mbtiles carregado em Z=18
[Thread 0x7fffe33826c0 (LWP 2208305) exited]
[Thread 0x7fffcb5fc6c0 (LWP 2208300) exited]
[Thread 0x7fffcc5fd6c0 (LWP 2208303) exited]
[Thread 0x7fffcd5fe6c0 (LWP 2208302) exited]
[Thread 0x7fffce5ff6c0 (LWP 2208301) exited]
[Thread 0x7fffca5fb6c0 (LWP 2208304) exited]
[Thread 0x7fffd43ff6c0 (LWP 2208306) exited]
[Thread 0x7fffe43836c0 (LWP 2208295) exited]
[Thread 0x7fffe597f6c0 (LWP 2208296) exited]
[Thread 0x7fffe587e6c0 (LWP 2208307) exited]
[New Thread 0x7fffe43836c0 (LWP 2208339)]
[09:33:55 15/07/2026] INFO - Vídeo carregado: /home/salieri/Desktop/UFMG/Tesla/DataAna/videos/video.mp4
[New Thread 0x7fffe587e6c0 (LWP 2208341)]
[09:33:55 15/07/2026] DEBUG - Coluna VEL_ANGULAR_YAW adicionada ao gráfico dinâmico 'Gráfico #1'.
[09:33:55 15/07/2026] INFO - Layout './cache/layouts/new_playback.tesla/.layout_1.ini' carregado com sucesso.
[New Thread 0x7fffca5fb6c0 (LWP 2208342)]
[New Thread 0x7fffce5ff6c0 (LWP 2208343)]
[New Thread 0x7fffcd5fe6c0 (LWP 2208344)]
[New Thread 0x7fffcc5fd6c0 (LWP 2208345)]
[New Thread 0x7fffcb5fc6c0 (LWP 2208346)]
[New Thread 0x7fffe597f6c0 (LWP 2208347)]
[New Thread 0x7fffd43ff6c0 (LWP 2208348)]
[New Thread 0x7fffe33826c0 (LWP 2208349)]
[09:33:55 15/07/2026] INFO - Visibilidade './cache/layouts/new_playback.tesla/.visibility_2.bin' carregada com sucesso.
[09:33:55 15/07/2026] INFO - MBTiles: Mapa pampulha.mbtiles carregado em Z=18
[Thread 0x7fffe597f6c0 (LWP 2208347) exited]
[Thread 0x7fffca5fb6c0 (LWP 2208342) exited]
[Thread 0x7fffce5ff6c0 (LWP 2208343) exited]
[Thread 0x7fffcd5fe6c0 (LWP 2208344) exited]
[Thread 0x7fffcc5fd6c0 (LWP 2208345) exited]
[Thread 0x7fffcb5fc6c0 (LWP 2208346) exited]
[Thread 0x7fffd43ff6c0 (LWP 2208348) exited]
[Thread 0x7fffe587e6c0 (LWP 2208341) exited]
[Thread 0x7fffe43836c0 (LWP 2208339) exited]
[Thread 0x7fffe33826c0 (LWP 2208349) exited]
[New Thread 0x7fffe43836c0 (LWP 2208386)]
[09:33:55 15/07/2026] INFO - Vídeo carregado: /home/salieri/Desktop/UFMG/Tesla/DataAna/videos/video.mp4
[New Thread 0x7fffe33826c0 (LWP 2208387)]
[09:33:55 15/07/2026] INFO - Layout './cache/layouts/new_playback.tesla/.layout_2.ini' carregado com sucesso.
[New Thread 0x7fffcb5fc6c0 (LWP 2208388)]
[New Thread 0x7fffce5ff6c0 (LWP 2208389)]
[New Thread 0x7fffcd5fe6c0 (LWP 2208390)]
[New Thread 0x7fffcc5fd6c0 (LWP 2208391)]
[New Thread 0x7fffca5fb6c0 (LWP 2208392)]
[New Thread 0x7fffe587e6c0 (LWP 2208393)]
[New Thread 0x7fffd43ff6c0 (LWP 2208394)]
[New Thread 0x7fffe597f6c0 (LWP 2208395)]
[09:33:56 15/07/2026] INFO - Visibilidade './cache/layouts/new_playback.tesla/.visibility_1.bin' carregada com sucesso.
[09:33:56 15/07/2026] INFO - MBTiles: Mapa pampulha.mbtiles carregado em Z=18
[Thread 0x7fffe587e6c0 (LWP 2208393) exited]
[Thread 0x7fffce5ff6c0 (LWP 2208389) exited]
[Thread 0x7fffcd5fe6c0 (LWP 2208390) exited]
[Thread 0x7fffcb5fc6c0 (LWP 2208388) exited]
[Thread 0x7fffcc5fd6c0 (LWP 2208391) exited]
[Thread 0x7fffca5fb6c0 (LWP 2208392) exited]
[Thread 0x7fffd43ff6c0 (LWP 2208394) exited]
[Thread 0x7fffe33826c0 (LWP 2208387) exited]
[Thread 0x7fffe43836c0 (LWP 2208386) exited]
[Thread 0x7fffe597f6c0 (LWP 2208395) exited]
[New Thread 0x7fffe43836c0 (LWP 2208434)]
[09:33:56 15/07/2026] INFO - Vídeo carregado: /home/salieri/Desktop/UFMG/Tesla/DataAna/videos/video.mp4
[New Thread 0x7fffe597f6c0 (LWP 2208439)]
[09:33:56 15/07/2026] DEBUG - Coluna VEL_ANGULAR_YAW adicionada ao gráfico dinâmico 'Gráfico #1'.
[09:33:56 15/07/2026] INFO - Layout './cache/layouts/new_playback.tesla/.layout_1.ini' carregado com sucesso.
[New Thread 0x7fffca5fb6c0 (LWP 2208446)]
[New Thread 0x7fffce5ff6c0 (LWP 2208447)]
[New Thread 0x7fffcd5fe6c0 (LWP 2208448)]
[New Thread 0x7fffcc5fd6c0 (LWP 2208449)]
[New Thread 0x7fffcb5fc6c0 (LWP 2208450)]
[New Thread 0x7fffe33826c0 (LWP 2208451)]
[New Thread 0x7fffd43ff6c0 (LWP 2208452)]
[New Thread 0x7fffe587e6c0 (LWP 2208453)]
[09:33:57 15/07/2026] INFO - Visibilidade './cache/layouts/new_playback.tesla/.visibility_2.bin' carregada com sucesso.
[09:33:57 15/07/2026] INFO - MBTiles: Mapa pampulha.mbtiles carregado em Z=18
[Thread 0x7fffe33826c0 (LWP 2208451) exited]
[Thread 0x7fffca5fb6c0 (LWP 2208446) exited]
[Thread 0x7fffce5ff6c0 (LWP 2208447) exited]
[Thread 0x7fffcd5fe6c0 (LWP 2208448) exited]
[Thread 0x7fffcc5fd6c0 (LWP 2208449) exited]
[Thread 0x7fffcb5fc6c0 (LWP 2208450) exited]
[Thread 0x7fffd43ff6c0 (LWP 2208452) exited]
[Thread 0x7fffe597f6c0 (LWP 2208439) exited]
[Thread 0x7fffe43836c0 (LWP 2208434) exited]
[Thread 0x7fffe587e6c0 (LWP 2208453) exited]
[New Thread 0x7fffe43836c0 (LWP 2208480)]
[09:33:57 15/07/2026] INFO - Vídeo carregado: /home/salieri/Desktop/UFMG/Tesla/DataAna/videos/video.mp4
[New Thread 0x7fffe587e6c0 (LWP 2208481)]
[09:33:57 15/07/2026] INFO - Layout './cache/layouts/new_playback.tesla/.layout_2.ini' carregado com sucesso.
[New Thread 0x7fffcb5fc6c0 (LWP 2208483)]
[New Thread 0x7fffce5ff6c0 (LWP 2208484)]
[New Thread 0x7fffcd5fe6c0 (LWP 2208485)]
[New Thread 0x7fffcc5fd6c0 (LWP 2208488)]
[New Thread 0x7fffca5fb6c0 (LWP 2208491)]
[New Thread 0x7fffe597f6c0 (LWP 2208492)]
[New Thread 0x7fffd43ff6c0 (LWP 2208493)]
[New Thread 0x7fffe33826c0 (LWP 2208494)]
[09:33:57 15/07/2026] INFO - Visibilidade './cache/layouts/new_playback.tesla/.visibility_1.bin' carregada com sucesso.
[09:33:57 15/07/2026] INFO - MBTiles: Mapa pampulha.mbtiles carregado em Z=18
[Thread 0x7fffe597f6c0 (LWP 2208492) exited]
[Thread 0x7fffce5ff6c0 (LWP 2208484) exited]
[Thread 0x7fffcd5fe6c0 (LWP 2208485) exited]
[Thread 0x7fffcb5fc6c0 (LWP 2208483) exited]
[Thread 0x7fffcc5fd6c0 (LWP 2208488) exited]
[Thread 0x7fffca5fb6c0 (LWP 2208491) exited]
[Thread 0x7fffd43ff6c0 (LWP 2208493) exited]
[Thread 0x7fffe43836c0 (LWP 2208480) exited]
[Thread 0x7fffe587e6c0 (LWP 2208481) exited]
[Thread 0x7fffe33826c0 (LWP 2208494) exited]
[New Thread 0x7fffe43836c0 (LWP 2208526)]
[09:33:57 15/07/2026] INFO - Vídeo carregado: /home/salieri/Desktop/UFMG/Tesla/DataAna/videos/video.mp4
[New Thread 0x7fffe33826c0 (LWP 2208527)]
[09:33:57 15/07/2026] DEBUG - Coluna VEL_ANGULAR_YAW adicionada ao gráfico dinâmico 'Gráfico #1'.
[09:33:57 15/07/2026] INFO - Layout './cache/layouts/new_playback.tesla/.layout_1.ini' carregado com sucesso.
[New Thread 0x7fffca5fb6c0 (LWP 2208528)]
[New Thread 0x7fffce5ff6c0 (LWP 2208529)]
[New Thread 0x7fffcd5fe6c0 (LWP 2208530)]
[New Thread 0x7fffcc5fd6c0 (LWP 2208531)]
[New Thread 0x7fffcb5fc6c0 (LWP 2208532)]
[New Thread 0x7fffe587e6c0 (LWP 2208533)]
[New Thread 0x7fffd43ff6c0 (LWP 2208534)]
[New Thread 0x7fffe597f6c0 (LWP 2208538)]
[09:34:01 15/07/2026] INFO - Criada nova janela de barra: Barra #1
[09:34:03 15/07/2026] TRACE - Foi aberta a janela 'Volante'.
[09:34:03 15/07/2026] TRACE - AssetManager iniciado com sucesso.
[09:34:03 15/07/2026] INFO - Textura carregada: assets/volantetesla.png
[09:34:07 15/07/2026] INFO - [Bar] Dados vinculados com sucesso! Coluna: 'AIR_PLUS' (Telemetry) de 'PLAYBACK'. Total de registros: 1196
[09:34:09 15/07/2026] INFO - [Volante] Dados carregados com sucesso! Coluna: 'AIR_MINUS' (Telemetry) de 'PLAYBACK'.
[09:34:10 15/07/2026] INFO - Visibilidade './cache/layouts/new_playback.tesla/.visibility_3.bin' salvo com sucesso.

Thread 1 "app" received signal SIGSEGV, Segmentation fault.
0x0000555555684b2f in WindowManager::saveWindowCustomStates (this=0x555555f2d020 <WindowManager::getInstance()::instance>, filepath="./cache/layouts/new_playback.tesla/.visibility_3.bin.state") at src/WindowManager.cpp:401
warning: Source file is more recent than executable.
401	            file << wd.maxValue << "\n";
#0  0x0000555555684b2f in WindowManager::saveWindowCustomStates (this=0x555555f2d020 <WindowManager::getInstance()::instance>, filepath="./cache/layouts/new_playback.tesla/.visibility_3.bin.state") at src/WindowManager.cpp:401
        wd = @0x7fffabd2cfa0: {column = "", archive = "", fileType = <error: Cannot access memory at address 0xa0>, data = 0x0, maxValue = 0, minValue = 0}
        file = <incomplete type>
        reconWin = 0x555556811d70
        pedalWin = 0x55555682aad0
        wheelWin = 0x5555568037c0
        count = 0
#1  0x0000555555680a47 in WindowManager::saveWindowVisibility (this=0x555555f2d020 <WindowManager::getInstance()::instance>, filepath=filesystem::path "./cache/layouts/new_playback.tesla/.visibility_3.bin" = {...}) at src/WindowManager.cpp:66
        parentPath = filesystem::path "./cache/layouts/new_playback.tesla" = {[0] = ".", [1] = "cache", [2] = "layouts", [3] = "new_playback.tesla"}
        file = <incomplete type>
#2  0x0000555555653b8a in App::handleEvent (this=0x7fffffffc430) at src/App.cpp:41
        F_number = "3"
        currentProject = "new_playback.tesla"
        offset = 1073741881
#3  0x000055555565445a in App::loop (this=0x7fffffffc430) at src/App.cpp:80
        wm = @0x555555f2d020: {windows = std::vector of length 16, capacity 16 = {std::unique_ptr<IWindow> = {get() = 0x555556811d70}, std::unique_ptr<IWindow> = {get() = 0x55555682aad0}, std::unique_ptr<IWindow> = {get() = 0x5555568037c0}, std::unique_ptr<IWindow> = {get() = 0x5555568432d0}, std::unique_ptr<IWindow> = {get() = 0x5555568452e0}, std::unique_ptr<IWindow> = {get() = 0x5555568455b0}, std::unique_ptr<IWindow> = {get() = 0x555556845360}, std::unique_ptr<IWindow> = {get() = 0x5555568468f0}, std::unique_ptr<IWindow> = {get() = 0x555556845640}, std::unique_ptr<IWindow> = {get() = 0x555556845710}, std::unique_ptr<IWindow> = {get() = 0x555556844960}, std::unique_ptr<IWindow> = {get() = 0x5555562741b0}, std::unique_ptr<IWindow> = {get() = 0x555556843a00}, std::unique_ptr<IWindow> = {get() = 0x555556807420}, std::unique_ptr<IWindow> = {get() = 0x555556803980}, std::unique_ptr<IWindow> = {get() = 0x7fffd00198c0}}, home = std::unique_ptr<IWindow> = {get() = 0x555556845170}, m_renderer = 0x5555561b3a40, m_reconstructionWindow = 0x555556811d70, m_aboutWindow = 0x5555568432d0, m_updatesWindow = 0x5555568452e0, m_playbackWindow = 0x555556843a00, m_videoWindow = 0x555556807420, visibility = {showDataPicker = true, showReconstruction = false, showLog = false, showWheelControl = true, showPedal = false, showAbout = false, showImPlotDemo = false, showImPlot3dDemo = false, showImGuiDemo = false, showTelemetry = false, showWarnings = false, showPlayback = true, showVideo = true}, showUpdates = false}
#4  0x000055555566cd98 in main () at src/main.cpp:18
        WINDOW_TITLE = "Reconstrução de Pista"
        WINDOW_WIDTH = 1280
        WINDOW_HEIGHT = 720
        app = {windowTitle = "Reconstrução de Pista"}
A debugging session is active.

	Inferior 1 [process 2194215] will be killed.

Quit anyway? (y or n) [answered Y; input not from terminal]
